BaziQA 评估开始：50 位名人
  ✅ albert_ii_prince_of_monaco_P001-Q1 模型=B 答案=B
  ✅ albert_ii_prince_of_monaco_P001-Q2 模型=C 答案=C
  ❌ albert_ii_prince_of_monaco_P001-Q3 模型=C 答案=B
  ❌ albert_ii_prince_of_monaco_P001-Q4 模型=A 答案=C
  ❌ albert_ii_prince_of_monaco_P001-Q5 模型=A 答案=B
  ❌ albert_ii_prince_of_monaco_P001-Q6 模型=A 答案=C
  ❌ albert_ii_prince_of_monaco_P001-Q7 模型=B 答案=D
  ❌ albert_ii_prince_of_monaco_P001-Q8 模型=D 答案=C
  ✅ albert_ii_prince_of_monaco_P001-Q9 模型=C 答案=C
  ✅ albert_ii_prince_of_monaco_P001-Q10 模型=C 答案=C
  → Albert II, Prince of Monaco: 4/10
  ✅ alexei_navalny_P002-Q1 模型=B 答案=B
  ❌ alexei_navalny_P002-Q2 模型=A 答案=C
  ✅ alexei_navalny_P002-Q3 模型=C 答案=C
  ❌ alexei_navalny_P002-Q4 模型=A 答案=C
  ✅ alexei_navalny_P002-Q5 模型=B 答案=B
  ❌ alexei_navalny_P002-Q6 模型=A 答案=B
  ✅ alexei_navalny_P002-Q7 模型=C 答案=C
  ✅ alexei_navalny_P002-Q8 模型=C 答案=C
  ✅ alexei_navalny_P002-Q9 模型=C 答案=C
  ✅ alexei_navalny_P002-Q10 模型=B 答案=B
  → Alexei Navalny: 7/10
  ✅ angela_merkel_P003-Q1 模型=B 答案=B
  ❌ angela_merkel_P003-Q2 模型=A 答案=B
  ❌ angela_merkel_P003-Q3 模型=C 答案=B
  ❌ angela_merkel_P003-Q4 模型=A 答案=B
  ✅ angela_merkel_P003-Q5 模型=B 答案=B
  ✅ angela_merkel_P003-Q6 模型=B 答案=B
  ❌ angela_merkel_P003-Q7 模型=A 答案=B
  ✅ angela_merkel_P003-Q8 模型=C 答案=C
  ✅ angela_merkel_P003-Q9 模型=B 答案=B
  ❌ angela_merkel_P003-Q10 模型=A 答案=C
  → Angela Merkel: 5/10
  ❌ aung_san_suu_kyi_P004-Q1 模型=A 答案=B
  ❌ aung_san_suu_kyi_P004-Q2 模型=C 答案=B
  ❌ aung_san_suu_kyi_P004-Q3 模型=D 答案=B
  ❌ aung_san_suu_kyi_P004-Q4 模型=A 答案=B
  ❌ aung_san_suu_kyi_P004-Q5 模型=A 答案=C
  ✅ aung_san_suu_kyi_P004-Q6 模型=B 答案=B
  ❌ aung_san_suu_kyi_P004-Q7 模型=A 答案=B
  ❌ aung_san_suu_kyi_P004-Q8 模型=A 答案=B
  ✅ aung_san_suu_kyi_P004-Q9 模型=A 答案=A
  ❌ aung_san_suu_kyi_P004-Q10 模型=A 答案=B
  → Aung San Suu Kyi: 2/10
  ❌ benazir_bhutto_P005-Q1 模型=A 答案=B
  ❌ benazir_bhutto_P005-Q2 模型=B 答案=C
  ❌ benazir_bhutto_P005-Q3 模型=A 答案=B
  ✅ benazir_bhutto_P005-Q4 模型=B 答案=B
  ❌ benazir_bhutto_P005-Q5 模型=A 答案=B
  ✅ benazir_bhutto_P005-Q6 模型=B 答案=B
  ✅ benazir_bhutto_P005-Q7 模型=A 答案=A
  ✅ benazir_bhutto_P005-Q8 模型=B 答案=B
  ❌ benazir_bhutto_P005-Q9 模型=A 答案=C
  ❌ benazir_bhutto_P005-Q10 模型=A 答案=C
  → Benazir Bhutto: 4/10
  ✅ benjamin_netanyahu_P006-Q1 模型=B 答案=B
  ❌ benjamin_netanyahu_P006-Q2 模型=A 答案=B
  ✅ benjamin_netanyahu_P006-Q3 模型=B 答案=B
  ❌ benjamin_netanyahu_P006-Q4 模型=A 答案=B
  ✅ benjamin_netanyahu_P006-Q5 模型=B 答案=B
  ✅ benjamin_netanyahu_P006-Q6 模型=B 答案=B
  ✅ benjamin_netanyahu_P006-Q7 模型=C 答案=C
  ✅ benjamin_netanyahu_P006-Q8 模型=C 答案=C
  ❌ benjamin_netanyahu_P006-Q9 模型=A 答案=C
  ✅ benjamin_netanyahu_P006-Q10 模型=A 答案=A
  → Benjamin Netanyahu: 7/10
  ✅ bill_clinton_P007-Q1 模型=B 答案=B
  ✅ bill_clinton_P007-Q2 模型=C 答案=C
  ❌ bill_clinton_P007-Q3 模型=D 答案=E
  ✅ bill_clinton_P007-Q4 模型=B 答案=B
  ✅ bill_clinton_P007-Q5 模型=B 答案=B
  ❌ bill_clinton_P007-Q6 模型=E 答案=B
  ❌ bill_clinton_P007-Q7 模型=A 答案=B
  ❌ bill_clinton_P007-Q8 模型=A 答案=B
  ❌ bill_clinton_P007-Q9 模型=A 答案=B
  ✅ bill_clinton_P007-Q10 模型=B 答案=B
  → Bill Clinton: 5/10
  ✅ bill_gates_P008-Q1 模型=B 答案=B
  ❌ bill_gates_P008-Q2 模型=D 答案=B
  ❌ bill_gates_P008-Q3 模型=E 答案=C
  ❌ bill_gates_P008-Q4 模型=A 答案=C
  ❌ bill_gates_P008-Q5 模型=C 答案=B
  ✅ bill_gates_P008-Q6 模型=C 答案=C
  ❌ bill_gates_P008-Q7 模型=A 答案=B
  ❌ bill_gates_P008-Q8 模型=C 答案=B
  ✅ bill_gates_P008-Q9 模型=B 答案=B
  ✅ bill_gates_P008-Q10 模型=B 答案=B
  → Bill Gates: 4/10
  ❌ carl_sagan_P009-Q1 模型=A 答案=B
  ❌ carl_sagan_P009-Q2 模型=A 答案=B
  ❌ carl_sagan_P009-Q3 模型=A 答案=B
  ❌ carl_sagan_P009-Q4 模型=A 答案=C
  ❌ carl_sagan_P009-Q5 模型=A 答案=B
  ❌ carl_sagan_P009-Q6 模型=C 答案=B
  ✅ carl_sagan_P009-Q7 模型=C 答案=C
  ❌ carl_sagan_P009-Q8 模型=C 答案=D
  → Carl Sagan: 1/8
  ✅ carlos_slim_P010-Q1 模型=B 答案=B
  ✅ carlos_slim_P010-Q2 模型=A 答案=A
  ✅ carlos_slim_P010-Q3 模型=C 答案=C
  ❌ carlos_slim_P010-Q4 模型=D 答案=C
  ❌ carlos_slim_P010-Q5 模型=A 答案=C
  ❌ carlos_slim_P010-Q6 模型=C 答案=D
  ❌ carlos_slim_P010-Q7 模型=A 答案=C
  ✅ carlos_slim_P010-Q8 模型=C 答案=C
  → Carlos Slim: 4/8
  ❌ david_bowie_P011-Q1 模型=A 答案=B
  ✅ david_bowie_P011-Q2 模型=B 答案=B
  ✅ david_bowie_P011-Q3 模型=A 答案=A
  ✅ david_bowie_P011-Q4 模型=B 答案=B
  ✅ david_bowie_P011-Q5 模型=B 答案=B
  ❌ david_bowie_P011-Q6 模型=C 答案=B
  ❌ david_bowie_P011-Q7 模型=A 答案=B
  ❌ david_bowie_P011-Q8 模型=A 答案=B
  ❌ david_bowie_P011-Q9 模型=A 答案=B
  → David Bowie: 4/9
  ❌ donald_trump_P012-Q1 模型=C 答案=B
  ❌ donald_trump_P012-Q2 模型=A 答案=C
  ✅ donald_trump_P012-Q3 模型=B 答案=B
  ❌ donald_trump_P012-Q4 模型=D 答案=B
  ❌ donald_trump_P012-Q5 模型=C 答案=B
  ❌ donald_trump_P012-Q6 模型=A 答案=C
  ❌ donald_trump_P012-Q7 模型=A 答案=B
  ✅ donald_trump_P012-Q8 模型=B 答案=B
  ❌ donald_trump_P012-Q9 模型=C 答案=B
  ❌ donald_trump_P012-Q10 模型=A 答案=C
  → Donald Trump: 2/10
  ❌ edward_said_P013-Q1 模型=A 答案=B
  ✅ edward_said_P013-Q2 模型=B 答案=B
  ✅ edward_said_P013-Q3 模型=B 答案=B
  ❌ edward_said_P013-Q4 模型=A 答案=B
  ✅ edward_said_P013-Q5 模型=B 答案=B
  ❌ edward_said_P013-Q6 模型=C 答案=B
  ❌ edward_said_P013-Q7 模型=C 答案=B
  ❌ edward_said_P013-Q8 模型=A 答案=B
  ❌ edward_said_P013-Q9 模型=A 答案=B
  ✅ edward_said_P013-Q10 模型=B 答案=B
  → Edward Said: 4/10
  ❌ ellen_johnson_sirleaf_P014-Q1 模型=A 答案=B
  ✅ ellen_johnson_sirleaf_P014-Q2 模型=B 答案=B
  ✅ ellen_johnson_sirleaf_P014-Q3 模型=C 答案=C
  ❌ ellen_johnson_sirleaf_P014-Q4 模型=A 答案=B
  ✅ ellen_johnson_sirleaf_P014-Q5 模型=B 答案=B
  ✅ ellen_johnson_sirleaf_P014-Q6 模型=B 答案=B
  ❌ ellen_johnson_sirleaf_P014-Q7 模型=A 答案=D
  ❌ ellen_johnson_sirleaf_P014-Q8 模型=A 答案=B
  ✅ ellen_johnson_sirleaf_P014-Q9 模型=B 答案=B
  ✅ ellen_johnson_sirleaf_P014-Q10 模型=C 答案=C
  → Ellen Johnson Sirleaf: 6/10
  ✅ emmanuel_macron_P015-Q1 模型=B 答案=B
  ✅ emmanuel_macron_P015-Q2 模型=B 答案=B
  ❌ emmanuel_macron_P015-Q3 模型=D 答案=A
  ❌ emmanuel_macron_P015-Q4 模型=D 答案=B
  ❌ emmanuel_macron_P015-Q5 模型=A 答案=B
  ✅ emmanuel_macron_P015-Q6 模型=A 答案=A
  ✅ emmanuel_macron_P015-Q7 模型=B 答案=B
  ✅ emmanuel_macron_P015-Q8 模型=A 答案=A
  ✅ emmanuel_macron_P015-Q9 模型=A 答案=A
  ✅ emmanuel_macron_P015-Q10 模型=A 答案=A
  → Emmanuel Macron: 7/10
  ✅ fidel_castro_P016-Q1 模型=B 答案=B
  ❌ fidel_castro_P016-Q2 模型=A 答案=B
  ✅ fidel_castro_P016-Q3 模型=B 答案=B
  ✅ fidel_castro_P016-Q4 模型=B 答案=B
  ❌ fidel_castro_P016-Q5 模型=B 答案=A
  ✅ fidel_castro_P016-Q6 模型=B 答案=B
  ✅ fidel_castro_P016-Q7 模型=B 答案=B
  ✅ fidel_castro_P016-Q8 模型=B 答案=B
  ❌ fidel_castro_P016-Q9 模型=B 答案=D
  ✅ fidel_castro_P016-Q10 模型=B 答案=B
  → Fidel Castro: 7/10
  ✅ gianni_versace_P017-Q1 模型=B 答案=B
  ❌ gianni_versace_P017-Q2 模型=C 答案=A
  ❌ gianni_versace_P017-Q3 模型=B 答案=A
  ✅ gianni_versace_P017-Q4 模型=A 答案=A
  ❌ gianni_versace_P017-Q5 模型=B 答案=C
  ❌ gianni_versace_P017-Q6 模型=A 答案=C
  ✅ gianni_versace_P017-Q7 模型=A 答案=A
  ✅ gianni_versace_P017-Q8 模型=A 答案=A
  ❌ gianni_versace_P017-Q9 模型=A 答案=B
  → Gianni Versace: 4/9
  ❌ golda_meir_P018-Q1 模型=A 答案=C
  ✅ golda_meir_P018-Q2 模型=B 答案=B
  ✅ golda_meir_P018-Q3 模型=C 答案=C
  ✅ golda_meir_P018-Q4 模型=B 答案=B
  ❌ golda_meir_P018-Q5 模型=A 答案=B
  ✅ golda_meir_P018-Q6 模型=C 答案=C
  ✅ golda_meir_P018-Q7 模型=C 答案=C
  ✅ golda_meir_P018-Q8 模型=B 答案=B
  ❌ golda_meir_P018-Q9 模型=A 答案=B
  ✅ golda_meir_P018-Q10 模型=A 答案=A
  → Golda Meir: 7/10
  ❌ haile_selassie_P019-Q1 模型=E 答案=B
  ❌ haile_selassie_P019-Q2 模型=A 答案=C
  ❌ haile_selassie_P019-Q3 模型=A 答案=B
  ❌ haile_selassie_P019-Q4 模型=A 答案=C
  ❌ haile_selassie_P019-Q5 模型=D 答案=B
  ✅ haile_selassie_P019-Q6 模型=B 答案=B
  ✅ haile_selassie_P019-Q7 模型=A 答案=A
  ❌ haile_selassie_P019-Q8 模型=A 答案=C
  ❌ haile_selassie_P019-Q9 模型=A 答案=C
  ✅ haile_selassie_P019-Q10 模型=B 答案=B
  → Haile Selassie: 3/10
  ✅ helmut_kohl_P020-Q1 模型=B 答案=B
  ✅ helmut_kohl_P020-Q2 模型=B 答案=B
  ✅ helmut_kohl_P020-Q3 模型=B 答案=B
  ❌ helmut_kohl_P020-Q4 模型=A 答案=C
  ❌ helmut_kohl_P020-Q5 模型=A 答案=C
  ❌ helmut_kohl_P020-Q6 模型=C 答案=B
  ✅ helmut_kohl_P020-Q7 模型=C 答案=C
  ❌ helmut_kohl_P020-Q8 模型=C 答案=B
  ❌ helmut_kohl_P020-Q9 模型=B 答案=C
  ✅ helmut_kohl_P020-Q10 模型=B 答案=B
  → Helmut Kohl: 5/10
  ❌ imran_khan_P021-Q1 模型=A 答案=B
  ❌ imran_khan_P021-Q2 模型=A 答案=B
  ✅ imran_khan_P021-Q3 模型=B 答案=B
  ✅ imran_khan_P021-Q4 模型=C 答案=C
  ❌ imran_khan_P021-Q5 模型=A 答案=C
  ✅ imran_khan_P021-Q6 模型=B 答案=B
  ❌ imran_khan_P021-Q7 模型=E 答案=B
  ✅ imran_khan_P021-Q8 模型=B 答案=B
  ❌ imran_khan_P021-Q9 模型=B 答案=C
  ❌ imran_khan_P021-Q10 模型=C 答案=B
  → Imran Khan: 4/10
  ✅ indira_gandhi_P022-Q1 模型=B 答案=B
  ❌ indira_gandhi_P022-Q2 模型=A 答案=C
  ❌ indira_gandhi_P022-Q3 模型=A 答案=C
  ✅ indira_gandhi_P022-Q4 模型=B 答案=B
  ✅ indira_gandhi_P022-Q5 模型=B 答案=B
  ✅ indira_gandhi_P022-Q6 模型=C 答案=C
  ✅ indira_gandhi_P022-Q7 模型=B 答案=B
  ✅ indira_gandhi_P022-Q8 模型=B 答案=B
  ❌ indira_gandhi_P022-Q9 模型=A 答案=D
  ❌ indira_gandhi_P022-Q10 模型=B 答案=A
  → Indira Gandhi: 6/10
  ✅ jack_ma_P023-Q1 模型=C 答案=C
  ❌ jack_ma_P023-Q2 模型=A 答案=B
  ❌ jack_ma_P023-Q3 模型=B 答案=A
  ❌ jack_ma_P023-Q4 模型=C 答案=B
  ✅ jack_ma_P023-Q5 模型=A 答案=A
  ❌ jack_ma_P023-Q6 模型=A 答案=C
  ❌ jack_ma_P023-Q7 模型=A 答案=C
  ✅ jack_ma_P023-Q8 模型=B 答案=B
  ✅ jack_ma_P023-Q9 模型=A 答案=A
  → Jack Ma: 4/9
  ✅ jacques_chirac_P024-Q1 模型=B 答案=B
  ❌ jacques_chirac_P024-Q2 模型=A 答案=C
  ❌ jacques_chirac_P024-Q3 模型=A 答案=B
  ✅ jacques_chirac_P024-Q4 模型=B 答案=B
  ✅ jacques_chirac_P024-Q5 模型=B 答案=B
  ❌ jacques_chirac_P024-Q6 模型=A 答案=B
  ❌ jacques_chirac_P024-Q7 模型=A 答案=C
  ❌ jacques_chirac_P024-Q8 模型=A 答案=B
  ❌ jacques_chirac_P024-Q9 模型=C 答案=B
  ✅ jacques_chirac_P024-Q10 模型=A 答案=A
  → Jacques Chirac: 4/10
  ✅ justin_trudeau_P025-Q1 模型=A 答案=A
  ❌ justin_trudeau_P025-Q2 模型=A 答案=C
  ❌ justin_trudeau_P025-Q3 模型=A 答案=C
  ❌ justin_trudeau_P025-Q4 模型=B 答案=C
  ❌ justin_trudeau_P025-Q5 模型=A 答案=C
  ❌ justin_trudeau_P025-Q6 模型=A 答案=B
  ❌ justin_trudeau_P025-Q7 模型=A 答案=B
  ❌ justin_trudeau_P025-Q8 模型=A 答案=C
  ❌ justin_trudeau_P025-Q9 模型=D 答案=C
  ❌ justin_trudeau_P025-Q10 模型=A 答案=B
  → Justin Trudeau: 1/10
  ✅ king_charles_iii_P026-Q1 模型=B 答案=B
  ✅ king_charles_iii_P026-Q2 模型=B 答案=B
  ❌ king_charles_iii_P026-Q3 模型=E 答案=B
  ❌ king_charles_iii_P026-Q4 模型=A 答案=C
  ❌ king_charles_iii_P026-Q5 模型=C 答案=A
  ✅ king_charles_iii_P026-Q6 模型=C 答案=C
  ✅ king_charles_iii_P026-Q7 模型=C 答案=C
  ✅ king_charles_iii_P026-Q8 模型=C 答案=C
  ❌ king_charles_iii_P026-Q9 模型=B 答案=D
  ❌ king_charles_iii_P026-Q10 模型=B 答案=C
  → King Charles III: 5/10
  ❌ kofi_annan_P027-Q1 模型=E 答案=B
  ✅ kofi_annan_P027-Q2 模型=B 答案=B
  ✅ kofi_annan_P027-Q3 模型=B 答案=B
  ✅ kofi_annan_P027-Q4 模型=B 答案=B
  ❌ kofi_annan_P027-Q5 模型=B 答案=A
  ❌ kofi_annan_P027-Q6 模型=A 答案=B
  ✅ kofi_annan_P027-Q7 模型=A 答案=A
  ✅ kofi_annan_P027-Q8 模型=B 答案=B
  ❌ kofi_annan_P027-Q9 模型=C 答案=A
  ✅ kofi_annan_P027-Q10 模型=B 答案=B
  → Kofi Annan: 6/10
  ❌ lech_wałesa_P028-Q1 模型=E 答案=B
  ✅ lech_wałesa_P028-Q2 模型=A 答案=A
  ❌ lech_wałesa_P028-Q3 模型=A 答案=B
  ❌ lech_wałesa_P028-Q4 模型=A 答案=C
  ✅ lech_wałesa_P028-Q5 模型=B 答案=B
  ❌ lech_wałesa_P028-Q6 模型=C 答案=B
  ❌ lech_wałesa_P028-Q7 模型=A 答案=B
  ❌ lech_wałesa_P028-Q8 模型=A 答案=C
  ✅ lech_wałesa_P028-Q9 模型=B 答案=B
  ✅ lech_wałesa_P028-Q10 模型=C 答案=C
  → Lech Wałęsa: 4/10
  ❌ lu_xun_P029-Q1 模型=A 答案=B
  ❌ lu_xun_P029-Q2 模型=A 答案=C
  ✅ lu_xun_P029-Q3 模型=A 答案=A
  ✅ lu_xun_P029-Q4 模型=B 答案=B
  ✅ lu_xun_P029-Q5 模型=B 答案=B
  ✅ lu_xun_P029-Q6 模型=B 答案=B
  ❌ lu_xun_P029-Q7 模型=C 答案=D
  ✅ lu_xun_P029-Q8 模型=B 答案=B
  ✅ lu_xun_P029-Q9 模型=B 答案=B
  → Lu Xun: 6/9
  ❌ malala_yousafzai_P030-Q1 模型=A 答案=B
  ❌ malala_yousafzai_P030-Q2 模型=A 答案=C
  ✅ malala_yousafzai_P030-Q3 模型=B 答案=B
  ✅ malala_yousafzai_P030-Q4 模型=A 答案=A
  ✅ malala_yousafzai_P030-Q5 模型=B 答案=B
  ❌ malala_yousafzai_P030-Q6 模型=A 答案=B
  ✅ malala_yousafzai_P030-Q7 模型=B 答案=B
  ✅ malala_yousafzai_P030-Q8 模型=A 答案=A
  ❌ malala_yousafzai_P030-Q9 模型=A 答案=B
  ✅ malala_yousafzai_P030-Q10 模型=B 答案=B
  → Malala Yousafzai: 6/10
  ✅ margaret_thatcher_P031-Q1 模型=B 答案=B
  ❌ margaret_thatcher_P031-Q2 模型=A 答案=C
  ❌ margaret_thatcher_P031-Q3 模型=A 答案=B
  ❌ margaret_thatcher_P031-Q4 模型=A 答案=B
  ✅ margaret_thatcher_P031-Q5 模型=B 答案=B
  ✅ margaret_thatcher_P031-Q6 模型=B 答案=B
  ✅ margaret_thatcher_P031-Q7 模型=B 答案=B
  ❌ margaret_thatcher_P031-Q8 模型=A 答案=B
  ✅ margaret_thatcher_P031-Q9 模型=A 答案=A
  ❌ margaret_thatcher_P031-Q10 模型=C 答案=D
  → Margaret Thatcher: 5/10
  ❌ martin_luther_king_jr_P032-Q1 模型=C 答案=B
  ❌ martin_luther_king_jr_P032-Q2 模型=A 答案=B
  ❌ martin_luther_king_jr_P032-Q3 模型=A 答案=C
  ❌ martin_luther_king_jr_P032-Q4 模型=A 答案=B
  ❌ martin_luther_king_jr_P032-Q5 模型=A 答案=B
  ✅ martin_luther_king_jr_P032-Q6 模型=B 答案=B
  ❌ martin_luther_king_jr_P032-Q7 模型=A 答案=B
  ❌ martin_luther_king_jr_P032-Q8 模型=A 答案=B
  ✅ martin_luther_king_jr_P032-Q9 模型=B 答案=B
  → Martin Luther King Jr.: 2/9
  ❌ maryam_mirzakhani_P033-Q1 模型=A 答案=B
  ❌ maryam_mirzakhani_P033-Q2 模型=A 答案=C
  ✅ maryam_mirzakhani_P033-Q3 模型=C 答案=C
  ❌ maryam_mirzakhani_P033-Q4 模型=C 答案=D
  ✅ maryam_mirzakhani_P033-Q5 模型=B 答案=B
  ❌ maryam_mirzakhani_P033-Q6 模型=A 答案=D
  ✅ maryam_mirzakhani_P033-Q7 模型=B 答案=B
  ❌ maryam_mirzakhani_P033-Q8 模型=A 答案=C
  ❌ maryam_mirzakhani_P033-Q9 模型=A 答案=D
  ✅ maryam_mirzakhani_P033-Q10 模型=C 答案=C
  → Maryam Mirzakhani: 4/10
  ✅ mikhail_gorbachev_P034-Q1 模型=B 答案=B
  ❌ mikhail_gorbachev_P034-Q2 模型=C 答案=B
  ❌ mikhail_gorbachev_P034-Q3 模型=A 答案=B
  ❌ mikhail_gorbachev_P034-Q4 模型=C 答案=B
  ✅ mikhail_gorbachev_P034-Q5 模型=B 答案=B
  ✅ mikhail_gorbachev_P034-Q6 模型=B 答案=B
  ✅ mikhail_gorbachev_P034-Q7 模型=B 答案=B
  ❌ mikhail_gorbachev_P034-Q8 模型=A 答案=B
  ❌ mikhail_gorbachev_P034-Q9 模型=A 答案=B
  ✅ mikhail_gorbachev_P034-Q10 模型=A 答案=A
  → Mikhail Gorbachev: 5/10
  ❌ oprah_winfrey_P035-Q1 模型=A 答案=B
  ❌ oprah_winfrey_P035-Q2 模型=C 答案=B
  ❌ oprah_winfrey_P035-Q3 模型=A 答案=B
  ❌ oprah_winfrey_P035-Q4 模型=A 答案=B
  ❌ oprah_winfrey_P035-Q5 模型=A 答案=C
  ❌ oprah_winfrey_P035-Q6 模型=A 答案=C
  ❌ oprah_winfrey_P035-Q7 模型=A 答案=B
  ❌ oprah_winfrey_P035-Q8 模型=A 答案=C
  ✅ oprah_winfrey_P035-Q9 模型=B 答案=B
  ✅ oprah_winfrey_P035-Q10 模型=B 答案=B
  → Oprah Winfrey: 2/10
  ✅ pedro_almodovar_P036-Q1 模型=B 答案=B
  ❌ pedro_almodovar_P036-Q2 模型=B 答案=C
  ✅ pedro_almodovar_P036-Q3 模型=B 答案=B
  ✅ pedro_almodovar_P036-Q4 模型=C 答案=C
  ✅ pedro_almodovar_P036-Q5 模型=A 答案=A
  ✅ pedro_almodovar_P036-Q6 模型=C 答案=C
  ✅ pedro_almodovar_P036-Q7 模型=B 答案=B
  ❌ pedro_almodovar_P036-Q8 模型=A 答案=C
  ❌ pedro_almodovar_P036-Q9 模型=A 答案=B
  ✅ pedro_almodovar_P036-Q10 模型=C 答案=C
  → Pedro Almodóvar: 7/10
  ✅ pope_john_paul_ii_P037-Q1 模型=B 答案=B
  ❌ pope_john_paul_ii_P037-Q2 模型=A 答案=B
  ❌ pope_john_paul_ii_P037-Q3 模型=A 答案=B
  ✅ pope_john_paul_ii_P037-Q4 模型=B 答案=B
  ❌ pope_john_paul_ii_P037-Q5 模型=A 答案=B
  ✅ pope_john_paul_ii_P037-Q6 模型=B 答案=B
  ❌ pope_john_paul_ii_P037-Q7 模型=A 答案=B
  ✅ pope_john_paul_ii_P037-Q8 模型=B 答案=B
  ❌ pope_john_paul_ii_P037-Q9 模型=B 答案=A
  ✅ pope_john_paul_ii_P037-Q10 模型=A 答案=A
  → Pope John Paul II: 5/10
  ❌ prince_harry_duke_of_sussex_P038-Q1 模型=A 答案=B
  ✅ prince_harry_duke_of_sussex_P038-Q2 模型=B 答案=B
  ✅ prince_harry_duke_of_sussex_P038-Q3 模型=B 答案=B
  ❌ prince_harry_duke_of_sussex_P038-Q4 模型=A 答案=B
  ✅ prince_harry_duke_of_sussex_P038-Q5 模型=B 答案=B
  ❌ prince_harry_duke_of_sussex_P038-Q6 模型=A 答案=B
  ❌ prince_harry_duke_of_sussex_P038-Q7 模型=A 答案=B
  ❌ prince_harry_duke_of_sussex_P038-Q8 模型=A 答案=C
  ✅ prince_harry_duke_of_sussex_P038-Q9 模型=B 答案=B
  ✅ prince_harry_duke_of_sussex_P038-Q10 模型=B 答案=B
  → Prince Harry, Duke of Sussex: 5/10
  ❌ recep_tayyip_erdogan_P039-Q1 模型=A 答案=B
  ✅ recep_tayyip_erdogan_P039-Q2 模型=B 答案=B
  ✅ recep_tayyip_erdogan_P039-Q3 模型=B 答案=B
  ✅ recep_tayyip_erdogan_P039-Q4 模型=C 答案=C
  ✅ recep_tayyip_erdogan_P039-Q5 模型=B 答案=B
  ❌ recep_tayyip_erdogan_P039-Q6 模型=A 答案=C
  ❌ recep_tayyip_erdogan_P039-Q7 模型=A 答案=B
  ❌ recep_tayyip_erdogan_P039-Q8 模型=A 答案=B
  ✅ recep_tayyip_erdogan_P039-Q9 模型=B 答案=B
  ✅ recep_tayyip_erdogan_P039-Q10 模型=B 答案=B
  → Recep Tayyip Erdoğan: 6/10
  ❌ rigoberta_menchu_P040-Q1 模型=A 答案=B
  ❌ rigoberta_menchu_P040-Q2 模型=A 答案=B
  ❌ rigoberta_menchu_P040-Q3 模型=C 答案=B
  ✅ rigoberta_menchu_P040-Q4 模型=B 答案=B
  ❌ rigoberta_menchu_P040-Q5 模型=A 答案=B
  ❌ rigoberta_menchu_P040-Q6 模型=A 答案=C
  ✅ rigoberta_menchu_P040-Q7 模型=B 答案=B
  ❌ rigoberta_menchu_P040-Q8 模型=A 答案=B
  ❌ rigoberta_menchu_P040-Q9 模型=A 答案=B
  ❌ rigoberta_menchu_P040-Q10 模型=A 答案=B
  → Rigoberta Menchú: 2/10
  ❌ salman_rushdie_P041-Q1 模型=A 答案=B
  ❌ salman_rushdie_P041-Q2 模型=A 答案=C
  ❌ salman_rushdie_P041-Q3 模型=C 答案=B
  ❌ salman_rushdie_P041-Q4 模型=A 答案=B
  ❌ salman_rushdie_P041-Q5 模型=A 答案=B
  ✅ salman_rushdie_P041-Q6 模型=C 答案=C
  ❌ salman_rushdie_P041-Q7 模型=A 答案=B
  ❌ salman_rushdie_P041-Q8 模型=A 答案=B
  ❌ salman_rushdie_P041-Q9 模型=D 答案=B
  ❌ salman_rushdie_P041-Q10 模型=E 答案=B
  → Salman Rushdie: 1/10
  ✅ sergey_brin_P042-Q1 模型=B 答案=B
  ✅ sergey_brin_P042-Q2 模型=C 答案=C
  ❌ sergey_brin_P042-Q3 模型=C 答案=D
  ❌ sergey_brin_P042-Q4 模型=A 答案=B
  ❌ sergey_brin_P042-Q5 模型=C 答案=D
  ❌ sergey_brin_P042-Q6 模型=C 答案=B
  ❌ sergey_brin_P042-Q7 模型=C 答案=D
  ❌ sergey_brin_P042-Q8 模型=B 答案=C
  ❌ sergey_brin_P042-Q9 模型=A 答案=B
  ❌ sergey_brin_P042-Q10 模型=C 答案=D
  → Sergey Brin: 2/10
  ❌ shakira_P043-Q1 模型=A 答案=B
  ✅ shakira_P043-Q2 模型=B 答案=B
  ✅ shakira_P043-Q3 模型=B 答案=B
  ✅ shakira_P043-Q4 模型=B 答案=B
  ❌ shakira_P043-Q5 模型=A 答案=C
  ✅ shakira_P043-Q6 模型=B 答案=B
  ✅ shakira_P043-Q7 模型=B 答案=B
  ❌ shakira_P043-Q8 模型=E 答案=B
  ✅ shakira_P043-Q9 模型=B 答案=B
  ❌ shakira_P043-Q10 模型=A 答案=B
  → Shakira: 6/10
  ✅ shimon_peres_P044-Q1 模型=C 答案=C
  ❌ shimon_peres_P044-Q2 模型=A 答案=B
  ✅ shimon_peres_P044-Q3 模型=B 答案=B
  ✅ shimon_peres_P044-Q4 模型=B 答案=B
  ❌ shimon_peres_P044-Q5 模型=A 答案=C
  ✅ shimon_peres_P044-Q6 模型=D 答案=D
  ✅ shimon_peres_P044-Q7 模型=C 答案=C
  ❌ shimon_peres_P044-Q8 模型=A 答案=C
  ❌ shimon_peres_P044-Q9 模型=D 答案=B
  ✅ shimon_peres_P044-Q10 模型=B 答案=B
  → Shimon Peres: 6/10
  ❌ shinzo_abe_P045-Q1 模型=A 答案=B
  ❌ shinzo_abe_P045-Q2 模型=E 答案=C
  ❌ shinzo_abe_P045-Q3 模型=A 答案=C
  ✅ shinzo_abe_P045-Q4 模型=B 答案=B
  ❌ shinzo_abe_P045-Q5 模型=A 答案=B
  ❌ shinzo_abe_P045-Q6 模型=A 答案=B
  ❌ shinzo_abe_P045-Q7 模型=C 答案=D
  ✅ shinzo_abe_P045-Q8 模型=C 答案=C
  ❌ shinzo_abe_P045-Q9 模型=C 答案=B
  ✅ shinzo_abe_P045-Q10 模型=B 答案=B
  → Shinzo Abe: 3/10
  ❌ silvio_berlusconi_P046-Q1 模型=C 答案=B
  ❌ silvio_berlusconi_P046-Q2 模型=D 答案=C
  ❌ silvio_berlusconi_P046-Q3 模型=A 答案=C
  ❌ silvio_berlusconi_P046-Q4 模型=A 答案=B
  ❌ silvio_berlusconi_P046-Q5 模型=A 答案=B
  ❌ silvio_berlusconi_P046-Q6 模型=A 答案=B
  ✅ silvio_berlusconi_P046-Q7 模型=B 答案=B
  ❌ silvio_berlusconi_P046-Q8 模型=A 答案=B
  ❌ silvio_berlusconi_P046-Q9 模型=A 答案=C
  ❌ silvio_berlusconi_P046-Q10 模型=A 答案=B
  → Silvio Berlusconi: 1/10
  ❌ stephen_hawking_P047-Q1 模型=A 答案=B
  ❌ stephen_hawking_P047-Q2 模型=A 答案=B
  ❌ stephen_hawking_P047-Q3 模型=A 答案=B
  ❌ stephen_hawking_P047-Q4 模型=A 答案=E
  ❌ stephen_hawking_P047-Q5 模型=C 答案=B
  ✅ stephen_hawking_P047-Q6 模型=C 答案=C
  ❌ stephen_hawking_P047-Q7 模型=A 答案=B
  ❌ stephen_hawking_P047-Q8 模型=C 答案=B
  ✅ stephen_hawking_P047-Q9 模型=B 答案=B
  → Stephen Hawking: 2/9
  ✅ tu_youyou_P048-Q1 模型=C 答案=C
  ❌ tu_youyou_P048-Q2 模型=A 答案=B
  ✅ tu_youyou_P048-Q3 模型=A 答案=A
  ❌ tu_youyou_P048-Q4 模型=A 答案=C
  ❌ tu_youyou_P048-Q5 模型=A 答案=D
  ❌ tu_youyou_P048-Q6 模型=A 答案=B
  ✅ tu_youyou_P048-Q7 模型=A 答案=A
  ✅ tu_youyou_P048-Q8 模型=D 答案=D
  ✅ tu_youyou_P048-Q9 模型=C 答案=C
  ❌ tu_youyou_P048-Q10 模型=C 答案=A
  → Tu Youyou: 5/10
  ✅ yasser_arafat_P049-Q1 模型=B 答案=B
  ❌ yasser_arafat_P049-Q2 模型=A 答案=B
  ❌ yasser_arafat_P049-Q3 模型=B 答案=C
  ❌ yasser_arafat_P049-Q4 模型=A 答案=B
  ❌ yasser_arafat_P049-Q5 模型=B 答案=A
  ✅ yasser_arafat_P049-Q6 模型=B 答案=B
  ✅ yasser_arafat_P049-Q7 模型=C 答案=C
  ❌ yasser_arafat_P049-Q8 模型=A 答案=B
  ✅ yasser_arafat_P049-Q9 模型=B 答案=B
  ✅ yasser_arafat_P049-Q10 模型=B 答案=B
  → Yasser Arafat: 5/10
  ❌ yitzhak_rabin_P050-Q1 模型=E 答案=B
  ✅ yitzhak_rabin_P050-Q2 模型=B 答案=B
  ✅ yitzhak_rabin_P050-Q3 模型=C 答案=C
  ❌ yitzhak_rabin_P050-Q4 模型=C 答案=B
  ✅ yitzhak_rabin_P050-Q5 模型=C 答案=C
  ✅ yitzhak_rabin_P050-Q6 模型=B 答案=B
  ✅ yitzhak_rabin_P050-Q7 模型=B 答案=B
  ❌ yitzhak_rabin_P050-Q8 模型=A 答案=C
  → Yitzhak Rabin: 5/8

=== 结果: 217/488 = 44.5% ===
