BaziQA v2.1 评估开始：50 位名人
  ✅ albert_ii_prince_of_monaco_P001-Q1 模型=B 答案=B
  ✅ albert_ii_prince_of_monaco_P001-Q2 模型=C 答案=C
  ❌ albert_ii_prince_of_monaco_P001-Q3 模型=C 答案=B
  ❌ albert_ii_prince_of_monaco_P001-Q4 模型=A 答案=C
  ✅ albert_ii_prince_of_monaco_P001-Q5 模型=B 答案=B
  ❌ albert_ii_prince_of_monaco_P001-Q6 模型=A 答案=C
  ❌ albert_ii_prince_of_monaco_P001-Q7 模型=B 答案=D
  ❌ albert_ii_prince_of_monaco_P001-Q8 模型=D 答案=C
  ✅ albert_ii_prince_of_monaco_P001-Q9 模型=C 答案=C
  ✅ albert_ii_prince_of_monaco_P001-Q10 模型=C 答案=C
  → Albert II, Prince of Monaco: 5/10
  ✅ alexei_navalny_P002-Q1 模型=B 答案=B
  ❌ alexei_navalny_P002-Q2 模型=D 答案=C
  ✅ alexei_navalny_P002-Q3 模型=C 答案=C
  ❌ alexei_navalny_P002-Q4 模型=A 答案=C
  ✅ alexei_navalny_P002-Q5 模型=B 答案=B
  ❌ alexei_navalny_P002-Q6 模型=C 答案=B
  ✅ alexei_navalny_P002-Q7 模型=C 答案=C
  ✅ alexei_navalny_P002-Q8 模型=C 答案=C
  ✅ alexei_navalny_P002-Q9 模型=C 答案=C
  ✅ alexei_navalny_P002-Q10 模型=B 答案=B
  → Alexei Navalny: 7/10
  ✅ angela_merkel_P003-Q1 模型=B 答案=B
  ❌ angela_merkel_P003-Q2 模型=A 答案=B
  ❌ angela_merkel_P003-Q3 模型=C 答案=B
  ❌ angela_merkel_P003-Q4 模型=A 答案=B
  ✅ angela_merkel_P003-Q5 模型=B 答案=B
  ✅ angela_merkel_P003-Q6 模型=B 答案=B
  ❌ angela_merkel_P003-Q7 模型=A 答案=B
  ✅ angela_merkel_P003-Q8 模型=C 答案=C
  ✅ angela_merkel_P003-Q9 模型=B 答案=B
  ❌ angela_merkel_P003-Q10 模型=A 答案=C
  → Angela Merkel: 5/10
  ❌ aung_san_suu_kyi_P004-Q1 模型=A 答案=B
  ❌ aung_san_suu_kyi_P004-Q2 模型=C 答案=B
  ❌ aung_san_suu_kyi_P004-Q3 模型=D 答案=B
  ❌ aung_san_suu_kyi_P004-Q4 模型=A 答案=B
  ❌ aung_san_suu_kyi_P004-Q5 模型=A 答案=C
  ❌ aung_san_suu_kyi_P004-Q6 模型=C 答案=B
  ❌ aung_san_suu_kyi_P004-Q7 模型=A 答案=B
  ❌ aung_san_suu_kyi_P004-Q8 模型=A 答案=B
  ✅ aung_san_suu_kyi_P004-Q9 模型=A 答案=A
  ❌ aung_san_suu_kyi_P004-Q10 模型=A 答案=B
  → Aung San Suu Kyi: 1/10
  ✅ benazir_bhutto_P005-Q1 模型=B 答案=B
  ❌ benazir_bhutto_P005-Q2 模型=B 答案=C
  ❌ benazir_bhutto_P005-Q3 模型=A 答案=B
  ✅ benazir_bhutto_P005-Q4 模型=B 答案=B
  ❌ benazir_bhutto_P005-Q5 模型=A 答案=B
  ✅ benazir_bhutto_P005-Q6 模型=B 答案=B
  ✅ benazir_bhutto_P005-Q7 模型=A 答案=A
  ✅ benazir_bhutto_P005-Q8 模型=B 答案=B
  ❌ benazir_bhutto_P005-Q9 模型=A 答案=C
  ❌ benazir_bhutto_P005-Q10 模型=E 答案=C
  → Benazir Bhutto: 5/10
  ✅ benjamin_netanyahu_P006-Q1 模型=B 答案=B
  ❌ benjamin_netanyahu_P006-Q2 模型=A 答案=B
  ✅ benjamin_netanyahu_P006-Q3 模型=B 答案=B
  ❌ benjamin_netanyahu_P006-Q4 模型=C 答案=B
  ✅ benjamin_netanyahu_P006-Q5 模型=B 答案=B
  ✅ benjamin_netanyahu_P006-Q6 模型=B 答案=B
  ✅ benjamin_netanyahu_P006-Q7 模型=C 答案=C
  ✅ benjamin_netanyahu_P006-Q8 模型=C 答案=C
  ❌ benjamin_netanyahu_P006-Q9 模型=A 答案=C
  ❌ benjamin_netanyahu_P006-Q10 模型=D 答案=A
  → Benjamin Netanyahu: 6/10
  ✅ bill_clinton_P007-Q1 模型=B 答案=B
  ✅ bill_clinton_P007-Q2 模型=C 答案=C
  ❌ bill_clinton_P007-Q3 模型=D 答案=E
  ✅ bill_clinton_P007-Q4 模型=B 答案=B
  ✅ bill_clinton_P007-Q5 模型=B 答案=B
  ❌ bill_clinton_P007-Q6 模型=E 答案=B
  ✅ bill_clinton_P007-Q7 模型=B 答案=B
  ❌ bill_clinton_P007-Q8 模型=A 答案=B
  ✅ bill_clinton_P007-Q9 模型=B 答案=B
  ✅ bill_clinton_P007-Q10 模型=B 答案=B
  → Bill Clinton: 7/10
  ✅ bill_gates_P008-Q1 模型=B 答案=B
  ❌ bill_gates_P008-Q2 模型=D 答案=B
  ❌ bill_gates_P008-Q3 模型=E 答案=C
  ❌ bill_gates_P008-Q4 模型=D 答案=C
  ❌ bill_gates_P008-Q5 模型=D 答案=B
  ✅ bill_gates_P008-Q6 模型=C 答案=C
  ❌ bill_gates_P008-Q7 模型=A 答案=B
  ❌ bill_gates_P008-Q8 模型=C 答案=B
  ✅ bill_gates_P008-Q9 模型=B 答案=B
  ✅ bill_gates_P008-Q10 模型=B 答案=B
  → Bill Gates: 4/10
  ❌ carl_sagan_P009-Q1 模型=A 答案=B
  ❌ carl_sagan_P009-Q2 模型=A 答案=B
  ❌ carl_sagan_P009-Q3 模型=C 答案=B
  ❌ carl_sagan_P009-Q4 模型=B 答案=C
  ❌ carl_sagan_P009-Q5 模型=C 答案=B
  ❌ carl_sagan_P009-Q6 模型=C 答案=B
  ✅ carl_sagan_P009-Q7 模型=C 答案=C
  ✅ carl_sagan_P009-Q8 模型=D 答案=D
  → Carl Sagan: 2/8
  ✅ carlos_slim_P010-Q1 模型=B 答案=B
  ✅ carlos_slim_P010-Q2 模型=A 答案=A
  ❌ carlos_slim_P010-Q3 模型=D 答案=C
  ❌ carlos_slim_P010-Q4 模型=D 答案=C
  ❌ carlos_slim_P010-Q5 模型=A 答案=C
  ✅ carlos_slim_P010-Q6 模型=D 答案=D
  ❌ carlos_slim_P010-Q7 模型=D 答案=C
  ✅ carlos_slim_P010-Q8 模型=C 答案=C
  → Carlos Slim: 4/8
  ❌ david_bowie_P011-Q1 模型=A 答案=B
  ✅ david_bowie_P011-Q2 模型=B 答案=B
  ✅ david_bowie_P011-Q3 模型=A 答案=A
  ✅ david_bowie_P011-Q4 模型=B 答案=B
  ✅ david_bowie_P011-Q5 模型=B 答案=B
  ❌ david_bowie_P011-Q6 模型=C 答案=B
  ❌ david_bowie_P011-Q7 模型=A 答案=B
  ❌ david_bowie_P011-Q8 模型=D 答案=B
  ❌ david_bowie_P011-Q9 模型=A 答案=B
  → David Bowie: 4/9
  ❌ donald_trump_P012-Q1 模型=C 答案=B
  ❌ donald_trump_P012-Q2 模型=A 答案=C
  ✅ donald_trump_P012-Q3 模型=B 答案=B
  ❌ donald_trump_P012-Q4 模型=D 答案=B
  ❌ donald_trump_P012-Q5 模型=C 答案=B
  ✅ donald_trump_P012-Q6 模型=C 答案=C
  ✅ donald_trump_P012-Q7 模型=B 答案=B
  ✅ donald_trump_P012-Q8 模型=B 答案=B
  ❌ donald_trump_P012-Q9 模型=C 答案=B
  ✅ donald_trump_P012-Q10 模型=C 答案=C
  → Donald Trump: 5/10
  ✅ edward_said_P013-Q1 模型=B 答案=B
  ✅ edward_said_P013-Q2 模型=B 答案=B
  ✅ edward_said_P013-Q3 模型=B 答案=B
  ❌ edward_said_P013-Q4 模型=A 答案=B
  ✅ edward_said_P013-Q5 模型=B 答案=B
  ❌ edward_said_P013-Q6 模型=C 答案=B
  ❌ edward_said_P013-Q7 模型=C 答案=B
  ❌ edward_said_P013-Q8 模型=A 答案=B
  ❌ edward_said_P013-Q9 模型=A 答案=B
  ✅ edward_said_P013-Q10 模型=B 答案=B
  → Edward Said: 5/10
  ❌ ellen_johnson_sirleaf_P014-Q1 模型=A 答案=B
  ✅ ellen_johnson_sirleaf_P014-Q2 模型=B 答案=B
  ✅ ellen_johnson_sirleaf_P014-Q3 模型=C 答案=C
  ✅ ellen_johnson_sirleaf_P014-Q4 模型=B 答案=B
  ✅ ellen_johnson_sirleaf_P014-Q5 模型=B 答案=B
  ✅ ellen_johnson_sirleaf_P014-Q6 模型=B 答案=B
  ❌ ellen_johnson_sirleaf_P014-Q7 模型=A 答案=D
  ❌ ellen_johnson_sirleaf_P014-Q8 模型=A 答案=B
  ✅ ellen_johnson_sirleaf_P014-Q9 模型=B 答案=B
  ✅ ellen_johnson_sirleaf_P014-Q10 模型=C 答案=C
  → Ellen Johnson Sirleaf: 7/10
  ✅ emmanuel_macron_P015-Q1 模型=B 答案=B
  ✅ emmanuel_macron_P015-Q2 模型=B 答案=B
  ❌ emmanuel_macron_P015-Q3 模型=D 答案=A
  ❌ emmanuel_macron_P015-Q4 模型=D 答案=B
  ✅ emmanuel_macron_P015-Q5 模型=B 答案=B
  ✅ emmanuel_macron_P015-Q6 模型=A 答案=A
  ✅ emmanuel_macron_P015-Q7 模型=B 答案=B
  ❌ emmanuel_macron_P015-Q8 模型=B 答案=A
  ❌ emmanuel_macron_P015-Q9 模型=D 答案=A
  ✅ emmanuel_macron_P015-Q10 模型=A 答案=A
  → Emmanuel Macron: 6/10
  ✅ fidel_castro_P016-Q1 模型=B 答案=B
  ❌ fidel_castro_P016-Q2 模型=A 答案=B
  ✅ fidel_castro_P016-Q3 模型=B 答案=B
  ✅ fidel_castro_P016-Q4 模型=B 答案=B
  ❌ fidel_castro_P016-Q5 模型=B 答案=A
  ✅ fidel_castro_P016-Q6 模型=B 答案=B
  ✅ fidel_castro_P016-Q7 模型=B 答案=B
  ✅ fidel_castro_P016-Q8 模型=B 答案=B
  ❌ fidel_castro_P016-Q9 模型=B 答案=D
  ✅ fidel_castro_P016-Q10 模型=B 答案=B
  → Fidel Castro: 7/10
  ✅ gianni_versace_P017-Q1 模型=B 答案=B
  ❌ gianni_versace_P017-Q2 模型=C 答案=A
  ❌ gianni_versace_P017-Q3 模型=B 答案=A
  ✅ gianni_versace_P017-Q4 模型=A 答案=A
  ❌ gianni_versace_P017-Q5 模型=B 答案=C
  ❌ gianni_versace_P017-Q6 模型=A 答案=C
  ✅ gianni_versace_P017-Q7 模型=A 答案=A
  ✅ gianni_versace_P017-Q8 模型=A 答案=A
